// Jest Snapshot v1, https://goo.gl/fbAQLP

exports[`Renders without crashing 1`] = `
<Fragment>
  <Page
    breadcrumb={null}
    className=""
    defaultManagedSidebarIsOpen={true}
    header={
      <HeaderProject
        aboutButton={
          <ButtonAboutProject
            documentationURL="https://project-openubl.gitbook.io/xml-builder/"
            githubIssuesURL="https://github.com/project-openubl/xml-builder/issues"
            githubSourceCodeURL="https://github.com/project-openubl/xml-builder"
            productName="Mi producto"
            swaggerApiURL="https://app.swaggerhub.com/organizations/project-openubl"
            version="1.0.0"
          />
        }
      />
    }
    isManagedSidebar={true}
    mainContainerId={null}
    onPageResize={[Function]}
    sidebar={
      <PageSidebar
        theme="dark"
      />
    }
    skipToContent={
      <SkipToContent
        className=""
        component="a"
        href="#primary-app-container"
        show={false}
      >
        Skip to Content
      </SkipToContent>
    }
  />
</Fragment>
`;
